[
  {
    "src": "",
    "tokens": [
      {
        "startIndex": 0,
        "endIndex": 1,
        "scopes": [
          "source.dhall"
        ]
      }
    ]
  },
  {
    "src": "",
    "tokens": [
      {
        "startIndex": 0,
        "endIndex": 1,
        "scopes": [
          "source.dhall"
        ]
      }
    ]
  },
  {
    "src": "",
    "tokens": [
      {
        "startIndex": 0,
        "endIndex": 1,
        "scopes": [
          "source.dhall"
        ]
      }
    ]
  },
  {
    "src": "{- Don't repeat yourself!",
    "tokens": [
      {
        "startIndex": 0,
        "endIndex": 2,
        "scopes": [
          "source.dhall",
          "comment.block.dhall"
        ]
      },
      {
        "startIndex": 2,
        "endIndex": 26,
        "scopes": [
          "source.dhall",
          "comment.block.dhall"
        ]
      }
    ]
  },
  {
    "src": "",
    "tokens": [
      {
        "startIndex": 0,
        "endIndex": 1,
        "scopes": [
          "source.dhall",
          "comment.block.dhall"
        ]
      }
    ]
  },
  {
    "src": "   Repetition is error-prone",
    "tokens": [
      {
        "startIndex": 0,
        "endIndex": 29,
        "scopes": [
          "source.dhall",
          "comment.block.dhall"
        ]
      }
    ]
  },
  {
    "src": "-}",
    "tokens": [
      {
        "startIndex": 0,
        "endIndex": 2,
        "scopes": [
          "source.dhall",
          "comment.block.dhall"
        ]
      }
    ]
  },
  {
    "src": "",
    "tokens": [
      {
        "startIndex": 0,
        "endIndex": 1,
        "scopes": [
          "source.dhall"
        ]
      }
    ]
  },
  {
    "src": "-- comment",
    "tokens": [
      {
        "startIndex": 0,
        "endIndex": 2,
        "scopes": [
          "source.dhall",
          "comment.line.double-dash.dhall"
        ]
      },
      {
        "startIndex": 2,
        "endIndex": 10,
        "scopes": [
          "source.dhall",
          "comment.line.double-dash.dhall"
        ]
      }
    ]
  },
  {
    "src": "let user = \"bill\" ",
    "tokens": [
      {
        "startIndex": 0,
        "endIndex": 3,
        "scopes": [
          "source.dhall",
          "meta.declaration.expression.let.dhall",
          "keyword.other.let.dhall"
        ]
      },
      {
        "startIndex": 3,
        "endIndex": 4,
        "scopes": [
          "source.dhall",
          "meta.declaration.expression.let.dhall"
        ]
      },
      {
        "startIndex": 4,
        "endIndex": 8,
        "scopes": [
          "source.dhall",
          "meta.declaration.expression.let.dhall",
          "variable.other.constant.dhall"
        ]
      },
      {
        "startIndex": 8,
        "endIndex": 9,
        "scopes": [
          "source.dhall",
          "meta.declaration.expression.let.dhall"
        ]
      },
      {
        "startIndex": 9,
        "endIndex": 10,
        "scopes": [
          "source.dhall",
          "meta.declaration.expression.let.dhall",
          "meta.declaration.foobar.dhall",
          "keyword.operator.assignment.dhall"
        ]
      },
      {
        "startIndex": 10,
        "endIndex": 11,
        "scopes": [
          "source.dhall",
          "meta.declaration.expression.let.dhall",
          "meta.declaration.foobar.dhall"
        ]
      },
      {
        "startIndex": 11,
        "endIndex": 12,
        "scopes": [
          "source.dhall",
          "meta.declaration.expression.let.dhall",
          "meta.declaration.foobar.dhall",
          "string.quoted.double.dhall"
        ]
      },
      {
        "startIndex": 12,
        "endIndex": 16,
        "scopes": [
          "source.dhall",
          "meta.declaration.expression.let.dhall",
          "meta.declaration.foobar.dhall",
          "string.quoted.double.dhall"
        ]
      },
      {
        "startIndex": 16,
        "endIndex": 17,
        "scopes": [
          "source.dhall",
          "meta.declaration.expression.let.dhall",
          "meta.declaration.foobar.dhall",
          "string.quoted.double.dhall"
        ]
      },
      {
        "startIndex": 17,
        "endIndex": 19,
        "scopes": [
          "source.dhall",
          "meta.declaration.expression.let.dhall",
          "meta.declaration.foobar.dhall"
        ]
      }
    ]
  },
  {
    "src": "in  { home       = \"/home/${user}\"",
    "tokens": [
      {
        "startIndex": 0,
        "endIndex": 2,
        "scopes": [
          "source.dhall",
          "keyword.control.dhall"
        ]
      },
      {
        "startIndex": 2,
        "endIndex": 4,
        "scopes": [
          "source.dhall"
        ]
      },
      {
        "startIndex": 4,
        "endIndex": 5,
        "scopes": [
          "source.dhall",
          "meta.declaration.data.record.block.dhall",
          "keyword.operator.record.begin.dhall"
        ]
      },
      {
        "startIndex": 5,
        "endIndex": 6,
        "scopes": [
          "source.dhall",
          "meta.declaration.data.record.block.dhall"
        ]
      },
      {
        "startIndex": 6,
        "endIndex": 10,
        "scopes": [
          "source.dhall",
          "meta.declaration.data.record.block.dhall",
          "variable.object.property.dhall"
        ]
      },
      {
        "startIndex": 10,
        "endIndex": 17,
        "scopes": [
          "source.dhall",
          "meta.declaration.data.record.block.dhall"
        ]
      },
      {
        "startIndex": 17,
        "endIndex": 18,
        "scopes": [
          "source.dhall",
          "meta.declaration.data.record.block.dhall",
          "meta.declaration.data.record.literal.dhall",
          "punctuation.separator.dictionary.key-value.dhall"
        ]
      },
      {
        "startIndex": 18,
        "endIndex": 19,
        "scopes": [
          "source.dhall",
          "meta.declaration.data.record.block.dhall",
          "meta.declaration.data.record.literal.dhall"
        ]
      },
      {
        "startIndex": 19,
        "endIndex": 20,
        "scopes": [
          "source.dhall",
          "meta.declaration.data.record.block.dhall",
          "meta.declaration.data.record.literal.dhall",
          "string.quoted.double.dhall"
        ]
      },
      {
        "startIndex": 20,
        "endIndex": 26,
        "scopes": [
          "source.dhall",
          "meta.declaration.data.record.block.dhall",
          "meta.declaration.data.record.literal.dhall",
          "string.quoted.double.dhall"
        ]
      },
      {
        "startIndex": 26,
        "endIndex": 28,
        "scopes": [
          "source.dhall",
          "meta.declaration.data.record.block.dhall",
          "meta.declaration.data.record.literal.dhall",
          "string.quoted.double.dhall",
          "constant.other.placeholder.dhall",
          "punctuation.section.curly.begin.dhall"
        ]
      },
      {
        "startIndex": 28,
        "endIndex": 32,
        "scopes": [
          "source.dhall",
          "meta.declaration.data.record.block.dhall",
          "meta.declaration.data.record.literal.dhall",
          "string.quoted.double.dhall",
          "constant.other.placeholder.dhall",
          "meta.label.dhall"
        ]
      },
      {
        "startIndex": 32,
        "endIndex": 33,
        "scopes": [
          "source.dhall",
          "meta.declaration.data.record.block.dhall",
          "meta.declaration.data.record.literal.dhall",
          "string.quoted.double.dhall",
          "constant.other.placeholder.dhall",
          "punctuation.section.curly.end.dhall"
        ]
      },
      {
        "startIndex": 33,
        "endIndex": 34,
        "scopes": [
          "source.dhall",
          "meta.declaration.data.record.block.dhall",
          "meta.declaration.data.record.literal.dhall",
          "string.quoted.double.dhall"
        ]
      }
    ]
  },
  {
    "src": "    , privateKey = \"/home/${user}/id_ed25519\"",
    "tokens": [
      {
        "startIndex": 0,
        "endIndex": 4,
        "scopes": [
          "source.dhall",
          "meta.declaration.data.record.block.dhall",
          "meta.declaration.data.record.literal.dhall"
        ]
      },
      {
        "startIndex": 4,
        "endIndex": 5,
        "scopes": [
          "source.dhall",
          "meta.declaration.data.record.block.dhall",
          "meta.declaration.data.record.literal.dhall",
          "punctuation.separator.dictionary.pair.dhall"
        ]
      },
      {
        "startIndex": 5,
        "endIndex": 6,
        "scopes": [
          "source.dhall",
          "meta.declaration.data.record.block.dhall"
        ]
      },
      {
        "startIndex": 6,
        "endIndex": 16,
        "scopes": [
          "source.dhall",
          "meta.declaration.data.record.block.dhall",
          "variable.object.property.dhall"
        ]
      },
      {
        "startIndex": 16,
        "endIndex": 17,
        "scopes": [
          "source.dhall",
          "meta.declaration.data.record.block.dhall"
        ]
      },
      {
        "startIndex": 17,
        "endIndex": 18,
        "scopes": [
          "source.dhall",
          "meta.declaration.data.record.block.dhall",
          "meta.declaration.data.record.literal.dhall",
          "punctuation.separator.dictionary.key-value.dhall"
        ]
      },
      {
        "startIndex": 18,
        "endIndex": 19,
        "scopes": [
          "source.dhall",
          "meta.declaration.data.record.block.dhall",
          "meta.declaration.data.record.literal.dhall"
        ]
      },
      {
        "startIndex": 19,
        "endIndex": 20,
        "scopes": [
          "source.dhall",
          "meta.declaration.data.record.block.dhall",
          "meta.declaration.data.record.literal.dhall",
          "string.quoted.double.dhall"
        ]
      },
      {
        "startIndex": 20,
        "endIndex": 26,
        "scopes": [
          "source.dhall",
          "meta.declaration.data.record.block.dhall",
          "meta.declaration.data.record.literal.dhall",
          "string.quoted.double.dhall"
        ]
      },
      {
        "startIndex": 26,
        "endIndex": 28,
        "scopes": [
          "source.dhall",
          "meta.declaration.data.record.block.dhall",
          "meta.declaration.data.record.literal.dhall",
          "string.quoted.double.dhall",
          "constant.other.placeholder.dhall",
          "punctuation.section.curly.begin.dhall"
        ]
      },
      {
        "startIndex": 28,
        "endIndex": 32,
        "scopes": [
          "source.dhall",
          "meta.declaration.data.record.block.dhall",
          "meta.declaration.data.record.literal.dhall",
          "string.quoted.double.dhall",
          "constant.other.placeholder.dhall",
          "meta.label.dhall"
        ]
      },
      {
        "startIndex": 32,
        "endIndex": 33,
        "scopes": [
          "source.dhall",
          "meta.declaration.data.record.block.dhall",
          "meta.declaration.data.record.literal.dhall",
          "string.quoted.double.dhall",
          "constant.other.placeholder.dhall",
          "punctuation.section.curly.end.dhall"
        ]
      },
      {
        "startIndex": 33,
        "endIndex": 44,
        "scopes": [
          "source.dhall",
          "meta.declaration.data.record.block.dhall",
          "meta.declaration.data.record.literal.dhall",
          "string.quoted.double.dhall"
        ]
      },
      {
        "startIndex": 44,
        "endIndex": 45,
        "scopes": [
          "source.dhall",
          "meta.declaration.data.record.block.dhall",
          "meta.declaration.data.record.literal.dhall",
          "string.quoted.double.dhall"
        ]
      }
    ]
  },
  {
    "src": "    , publicKey  = \"/home/${user}/id_ed25519.pub\"",
    "tokens": [
      {
        "startIndex": 0,
        "endIndex": 4,
        "scopes": [
          "source.dhall",
          "meta.declaration.data.record.block.dhall",
          "meta.declaration.data.record.literal.dhall"
        ]
      },
      {
        "startIndex": 4,
        "endIndex": 5,
        "scopes": [
          "source.dhall",
          "meta.declaration.data.record.block.dhall",
          "meta.declaration.data.record.literal.dhall",
          "punctuation.separator.dictionary.pair.dhall"
        ]
      },
      {
        "startIndex": 5,
        "endIndex": 6,
        "scopes": [
          "source.dhall",
          "meta.declaration.data.record.block.dhall"
        ]
      },
      {
        "startIndex": 6,
        "endIndex": 15,
        "scopes": [
          "source.dhall",
          "meta.declaration.data.record.block.dhall",
          "variable.object.property.dhall"
        ]
      },
      {
        "startIndex": 15,
        "endIndex": 17,
        "scopes": [
          "source.dhall",
          "meta.declaration.data.record.block.dhall"
        ]
      },
      {
        "startIndex": 17,
        "endIndex": 18,
        "scopes": [
          "source.dhall",
          "meta.declaration.data.record.block.dhall",
          "meta.declaration.data.record.literal.dhall",
          "punctuation.separator.dictionary.key-value.dhall"
        ]
      },
      {
        "startIndex": 18,
        "endIndex": 19,
        "scopes": [
          "source.dhall",
          "meta.declaration.data.record.block.dhall",
          "meta.declaration.data.record.literal.dhall"
        ]
      },
      {
        "startIndex": 19,
        "endIndex": 20,
        "scopes": [
          "source.dhall",
          "meta.declaration.data.record.block.dhall",
          "meta.declaration.data.record.literal.dhall",
          "string.quoted.double.dhall"
        ]
      },
      {
        "startIndex": 20,
        "endIndex": 26,
        "scopes": [
          "source.dhall",
          "meta.declaration.data.record.block.dhall",
          "meta.declaration.data.record.literal.dhall",
          "string.quoted.double.dhall"
        ]
      },
      {
        "startIndex": 26,
        "endIndex": 28,
        "scopes": [
          "source.dhall",
          "meta.declaration.data.record.block.dhall",
          "meta.declaration.data.record.literal.dhall",
          "string.quoted.double.dhall",
          "constant.other.placeholder.dhall",
          "punctuation.section.curly.begin.dhall"
        ]
      },
      {
        "startIndex": 28,
        "endIndex": 32,
        "scopes": [
          "source.dhall",
          "meta.declaration.data.record.block.dhall",
          "meta.declaration.data.record.literal.dhall",
          "string.quoted.double.dhall",
          "constant.other.placeholder.dhall",
          "meta.label.dhall"
        ]
      },
      {
        "startIndex": 32,
        "endIndex": 33,
        "scopes": [
          "source.dhall",
          "meta.declaration.data.record.block.dhall",
          "meta.declaration.data.record.literal.dhall",
          "string.quoted.double.dhall",
          "constant.other.placeholder.dhall",
          "punctuation.section.curly.end.dhall"
        ]
      },
      {
        "startIndex": 33,
        "endIndex": 48,
        "scopes": [
          "source.dhall",
          "meta.declaration.data.record.block.dhall",
          "meta.declaration.data.record.literal.dhall",
          "string.quoted.double.dhall"
        ]
      },
      {
        "startIndex": 48,
        "endIndex": 49,
        "scopes": [
          "source.dhall",
          "meta.declaration.data.record.block.dhall",
          "meta.declaration.data.record.literal.dhall",
          "string.quoted.double.dhall"
        ]
      }
    ]
  },
  {
    "src": "}",
    "tokens": [
      {
        "startIndex": 0,
        "endIndex": 1,
        "scopes": [
          "source.dhall",
          "meta.declaration.data.record.block.dhall",
          "keyword.operator.record.end.dhall"
        ]
      }
    ]
  },
  {
    "src": "",
    "tokens": [
      {
        "startIndex": 0,
        "endIndex": 1,
        "scopes": [
          "source.dhall"
        ]
      }
    ]
  },
  {
    "src": "",
    "tokens": [
      {
        "startIndex": 0,
        "endIndex": 1,
        "scopes": [
          "source.dhall"
        ]
      }
    ]
  },
  {
    "src": "",
    "tokens": [
      {
        "startIndex": 0,
        "endIndex": 1,
        "scopes": [
          "source.dhall"
        ]
      }
    ]
  },
  {
    "src": "",
    "tokens": [
      {
        "startIndex": 0,
        "endIndex": 1,
        "scopes": [
          "source.dhall"
        ]
      }
    ]
  },
  {
    "src": "",
    "tokens": [
      {
        "startIndex": 0,
        "endIndex": 1,
        "scopes": [
          "source.dhall"
        ]
      }
    ]
  },
  {
    "src": "",
    "tokens": [
      {
        "startIndex": 0,
        "endIndex": 1,
        "scopes": [
          "source.dhall"
        ]
      }
    ]
  },
  {
    "src": "",
    "tokens": [
      {
        "startIndex": 0,
        "endIndex": 1,
        "scopes": [
          "source.dhall"
        ]
      }
    ]
  }
]